
> @jothisoft/web@0.1.0 build
> next build

  ▲ Next.js 14.2.35
  - Environments: .env

   Creating an optimized production build ...
 ✓ Compiled successfully
   Linting and checking validity of types ...

./src/app/layout.tsx
27:9  Warning: Custom fonts not added in `pages/_document.js` will only load for a single page. This is discouraged. See: https://nextjs.org/docs/messages/no-page-custom-font  @next/next/no-page-custom-font

info  - Need to disable some ESLint rules? Learn more here: https://nextjs.org/docs/basic-features/eslint#disabling-rules
   Collecting page data ...
   Generating static pages (0/7) ...
   Generating static pages (1/7) 
   Generating static pages (3/7) 
   Generating static pages (5/7) 
 ✓ Generating static pages (7/7)
   Finalizing page optimization ...
   Collecting build traces ...

Route (app)                              Size     First Load JS
┌ ○ /                                    39.2 kB         231 kB
├ ○ /_not-found                          873 B          88.2 kB
├ ○ /login                               1.56 kB         153 kB
└ ○ /otp                                 3.31 kB         154 kB
+ First Load JS shared by all            87.3 kB
  ├ chunks/117-333469f338a30c42.js       31.7 kB
  ├ chunks/fd9d1056-d056e29b6e55a259.js  53.6 kB
  └ other shared chunks (total)          1.95 kB


ƒ Middleware                             82.1 kB

○  (Static)  prerendered as static content

